// Jest Snapshot v1, https://goo.gl/fbAQLP

exports[`nagivation should match the snapshot 1`] = `
ShallowWrapper {
  Symbol(enzyme.__root__): [Circular],
  Symbol(enzyme.__unrendered__): <Navigation
    displayChosenContent={[MockFunction]}
  />,
  Symbol(enzyme.__renderer__): Object {
    "batchedUpdates": [Function],
    "getNode": [Function],
    "render": [Function],
    "simulateError": [Function],
    "simulateEvent": [Function],
    "unmount": [Function],
  },
  Symbol(enzyme.__node__): Object {
    "instance": null,
    "key": undefined,
    "nodeType": "host",
    "props": Object {
      "children": Array [
        <button
          className="reset-btn"
        >
           home 
        </button>,
        <button
          className="nav-button people"
          name="people"
          onClick={[MockFunction]}
          type="button"
        >
          people
        </button>,
        <button
          className="nav-button planets"
          name="planets"
          onClick={[MockFunction]}
          type="button"
        >
          planets
        </button>,
        <button
          className="nav-button vehicles"
          name="vehicles"
          onClick={[MockFunction]}
          type="button"
        >
          vehicles
        </button>,
      ],
      "className": "nav-container",
    },
    "ref": null,
    "rendered": Array [
      Object {
        "instance": null,
        "key": undefined,
        "nodeType": "host",
        "props": Object {
          "children": " home ",
          "className": "reset-btn",
          "onClick": undefined,
        },
        "ref": null,
        "rendered": " home ",
        "type": "button",
      },
      Object {
        "instance": null,
        "key": undefined,
        "nodeType": "host",
        "props": Object {
          "children": "people",
          "className": "nav-button people",
          "name": "people",
          "onClick": [MockFunction],
          "type": "button",
        },
        "ref": null,
        "rendered": "people",
        "type": "button",
      },
      Object {
        "instance": null,
        "key": undefined,
        "nodeType": "host",
        "props": Object {
          "children": "planets",
          "className": "nav-button planets",
          "name": "planets",
          "onClick": [MockFunction],
          "type": "button",
        },
        "ref": null,
        "rendered": "planets",
        "type": "button",
      },
      Object {
        "instance": null,
        "key": undefined,
        "nodeType": "host",
        "props": Object {
          "children": "vehicles",
          "className": "nav-button vehicles",
          "name": "vehicles",
          "onClick": [MockFunction],
          "type": "button",
        },
        "ref": null,
        "rendered": "vehicles",
        "type": "button",
      },
    ],
    "type": "div",
  },
  Symbol(enzyme.__nodes__): Array [
    Object {
      "instance": null,
      "key": undefined,
      "nodeType": "host",
      "props": Object {
        "children": Array [
          <button
            className="reset-btn"
          >
             home 
          </button>,
          <button
            className="nav-button people"
            name="people"
            onClick={[MockFunction]}
            type="button"
          >
            people
          </button>,
          <button
            className="nav-button planets"
            name="planets"
            onClick={[MockFunction]}
            type="button"
          >
            planets
          </button>,
          <button
            className="nav-button vehicles"
            name="vehicles"
            onClick={[MockFunction]}
            type="button"
          >
            vehicles
          </button>,
        ],
        "className": "nav-container",
      },
      "ref": null,
      "rendered": Array [
        Object {
          "instance": null,
          "key": undefined,
          "nodeType": "host",
          "props": Object {
            "children": " home ",
            "className": "reset-btn",
            "onClick": undefined,
          },
          "ref": null,
          "rendered": " home ",
          "type": "button",
        },
        Object {
          "instance": null,
          "key": undefined,
          "nodeType": "host",
          "props": Object {
            "children": "people",
            "className": "nav-button people",
            "name": "people",
            "onClick": [MockFunction],
            "type": "button",
          },
          "ref": null,
          "rendered": "people",
          "type": "button",
        },
        Object {
          "instance": null,
          "key": undefined,
          "nodeType": "host",
          "props": Object {
            "children": "planets",
            "className": "nav-button planets",
            "name": "planets",
            "onClick": [MockFunction],
            "type": "button",
          },
          "ref": null,
          "rendered": "planets",
          "type": "button",
        },
        Object {
          "instance": null,
          "key": undefined,
          "nodeType": "host",
          "props": Object {
            "children": "vehicles",
            "className": "nav-button vehicles",
            "name": "vehicles",
            "onClick": [MockFunction],
            "type": "button",
          },
          "ref": null,
          "rendered": "vehicles",
          "type": "button",
        },
      ],
      "type": "div",
    },
  ],
  Symbol(enzyme.__options__): Object {
    "adapter": ReactSixteenAdapter {
      "options": Object {
        "enableComponentDidUpdateOnSetState": true,
        "lifecycles": Object {
          "componentDidUpdate": Object {
            "onSetState": true,
          },
          "getDerivedStateFromProps": true,
          "getSnapshotBeforeUpdate": true,
          "setState": Object {
            "skipsComponentDidUpdateOnNullish": true,
          },
        },
      },
    },
  },
}
`;
