// Jest Snapshot v1, https://goo.gl/fbAQLP

exports[`App should match the snapshot 1`] = `
ShallowWrapper {
  Symbol(enzyme.__root__): [Circular],
  Symbol(enzyme.__unrendered__): <App />,
  Symbol(enzyme.__renderer__): Object {
    "batchedUpdates": [Function],
    "getNode": [Function],
    "render": [Function],
    "simulateError": [Function],
    "simulateEvent": [Function],
    "unmount": [Function],
  },
  Symbol(enzyme.__node__): Object {
    "instance": null,
    "key": undefined,
    "nodeType": "host",
    "props": Object {
      "children": Array [
        <h1
          className="header"
        >
           SWAPIBOX 
        </h1>,
        <Navigation
          displayChosenContent={[Function]}
        />,
        <Favorites
          favesLength={0}
        />,
        <ContentContainer
          carouselIndex={0}
          contents={Array []}
          decrementCarousel={[Function]}
          film={
            Object {
              "crawl": "",
              "title": "",
              "year": "",
            }
          }
          incrementCarousel={[Function]}
        />,
      ],
      "className": "App",
    },
    "ref": null,
    "rendered": Array [
      Object {
        "instance": null,
        "key": undefined,
        "nodeType": "host",
        "props": Object {
          "children": " SWAPIBOX ",
          "className": "header",
        },
        "ref": null,
        "rendered": " SWAPIBOX ",
        "type": "h1",
      },
      Object {
        "instance": null,
        "key": undefined,
        "nodeType": "function",
        "props": Object {
          "displayChosenContent": [Function],
        },
        "ref": null,
        "rendered": null,
        "type": [Function],
      },
      Object {
        "instance": null,
        "key": undefined,
        "nodeType": "function",
        "props": Object {
          "favesLength": 0,
        },
        "ref": null,
        "rendered": null,
        "type": [Function],
      },
      Object {
        "instance": null,
        "key": undefined,
        "nodeType": "function",
        "props": Object {
          "carouselIndex": 0,
          "contents": Array [],
          "decrementCarousel": [Function],
          "film": Object {
            "crawl": "",
            "title": "",
            "year": "",
          },
          "incrementCarousel": [Function],
        },
        "ref": null,
        "rendered": null,
        "type": [Function],
      },
    ],
    "type": "div",
  },
  Symbol(enzyme.__nodes__): Array [
    Object {
      "instance": null,
      "key": undefined,
      "nodeType": "host",
      "props": Object {
        "children": Array [
          <h1
            className="header"
          >
             SWAPIBOX 
          </h1>,
          <Navigation
            displayChosenContent={[Function]}
          />,
          <Favorites
            favesLength={0}
          />,
          <ContentContainer
            carouselIndex={0}
            contents={Array []}
            decrementCarousel={[Function]}
            film={
              Object {
                "crawl": "",
                "title": "",
                "year": "",
              }
            }
            incrementCarousel={[Function]}
          />,
        ],
        "className": "App",
      },
      "ref": null,
      "rendered": Array [
        Object {
          "instance": null,
          "key": undefined,
          "nodeType": "host",
          "props": Object {
            "children": " SWAPIBOX ",
            "className": "header",
          },
          "ref": null,
          "rendered": " SWAPIBOX ",
          "type": "h1",
        },
        Object {
          "instance": null,
          "key": undefined,
          "nodeType": "function",
          "props": Object {
            "displayChosenContent": [Function],
          },
          "ref": null,
          "rendered": null,
          "type": [Function],
        },
        Object {
          "instance": null,
          "key": undefined,
          "nodeType": "function",
          "props": Object {
            "favesLength": 0,
          },
          "ref": null,
          "rendered": null,
          "type": [Function],
        },
        Object {
          "instance": null,
          "key": undefined,
          "nodeType": "function",
          "props": Object {
            "carouselIndex": 0,
            "contents": Array [],
            "decrementCarousel": [Function],
            "film": Object {
              "crawl": "",
              "title": "",
              "year": "",
            },
            "incrementCarousel": [Function],
          },
          "ref": null,
          "rendered": null,
          "type": [Function],
        },
      ],
      "type": "div",
    },
  ],
  Symbol(enzyme.__options__): Object {
    "adapter": ReactSixteenAdapter {
      "options": Object {
        "enableComponentDidUpdateOnSetState": true,
        "lifecycles": Object {
          "componentDidUpdate": Object {
            "onSetState": true,
          },
          "getDerivedStateFromProps": true,
          "getSnapshotBeforeUpdate": true,
          "setState": Object {
            "skipsComponentDidUpdateOnNullish": true,
          },
        },
      },
    },
  },
}
`;
